INFO 2026-01-27 13:56:05,750 startup_service JWT Scanner monitoring started
INFO 2026-01-27 13:56:05,751 startup_service JWT Scanner auto-service started (interval: 30s)
INFO 2026-01-27 13:56:05,751 apps JWT Scanner Auto-Service started successfully (post_migrate)
INFO 2026-01-27 13:56:05,770 startup_service Shutting down JWT Scanner auto-service...
INFO 2026-01-29 13:51:56,643 tasks Cleaned up 0 old scans
INFO 2026-01-29 13:51:56,669 tasks Cleaned up 0 old scans
INFO 2026-02-02 12:29:55,951 tasks Cleaned up 0 old scans
INFO 2026-02-02 12:29:55,980 tasks Cleaned up 0 old scans
INFO 2026-02-03 07:30:00,106 tasks Cleaned up 0 old scans
INFO 2026-02-03 12:27:30,972 tasks Cleaned up 0 old scans
INFO 2026-02-04 19:02:54,998 tasks Cleaned up 0 old scans
INFO 2026-02-04 19:02:55,034 tasks Cleaned up 0 old scans
INFO 2026-02-06 07:30:00,046 tasks Cleaned up 0 old scans
INFO 2026-02-06 19:02:55,029 tasks Cleaned up 0 old scans
INFO 2026-02-07 07:30:00,095 tasks Cleaned up 0 old scans
INFO 2026-02-07 19:02:54,974 tasks Cleaned up 0 old scans
INFO 2026-02-08 07:30:00,081 tasks Cleaned up 0 old scans
INFO 2026-02-08 19:02:54,978 tasks Cleaned up 0 old scans
INFO 2026-02-09 07:30:00,088 tasks Cleaned up 0 old scans
INFO 2026-02-09 19:02:54,990 tasks Cleaned up 0 old scans
INFO 2026-02-10 07:30:00,068 tasks Cleaned up 0 old scans
INFO 2026-02-10 19:02:55,040 tasks Cleaned up 0 old scans
INFO 2026-02-13 15:02:44,147 startup_service JWT Scanner monitoring started
INFO 2026-02-13 15:02:44,147 startup_service JWT Scanner auto-service started (interval: 30s)
INFO 2026-02-13 15:02:44,147 apps JWT Scanner Auto-Service started successfully (post_migrate)
INFO 2026-02-13 15:02:44,163 startup_service Shutting down JWT Scanner auto-service...
INFO 2026-02-13 15:38:45,332 startup_service JWT Scanner monitoring started
INFO 2026-02-13 15:38:45,332 startup_service JWT Scanner auto-service started (interval: 30s)
INFO 2026-02-13 15:38:45,332 apps JWT Scanner Auto-Service started successfully (post_migrate)
INFO 2026-02-13 15:38:45,397 startup_service Shutting down JWT Scanner auto-service...
INFO 2026-02-13 15:43:36,948 tasks Cleaned up 0 old scans
ERROR 2026-02-13 15:43:37,085 tasks Intelligence update failed: No module named 'api_8.utils.threat_intelligence_tc2'
INFO 2026-02-13 15:43:37,108 tasks Cleaned up 0 old scans
INFO 2026-02-14 07:30:00,054 tasks Cleaned up 0 old scans
INFO 2026-02-14 15:43:36,946 tasks Cleaned up 0 old scans
INFO 2026-02-15 07:30:00,053 tasks Cleaned up 0 old scans
INFO 2026-02-15 15:43:36,939 tasks Cleaned up 0 old scans
INFO 2026-02-16 07:30:00,055 tasks Cleaned up 0 old scans
